
 Start  Stop   Length Name                   Class
 00000H 0DDC3H 0DDC4H ILV_TEXT               CODE
 0DDC4H 10D70H 02FADH GRAPHICS_TEXT          CODE
 10D71H 13252H 024E2H PLOT386_TEXT           CODE
 13253H 176B9H 04467H PULSELIB_TEXT          CODE
 176BAH 17FCEH 00915H GRADLIB_TEXT           CODE
 17FCFH 1FD73H 07DA5H MATRIXMATHLIB_TEXT     CODE
 1FD74H 211B1H 0143EH SPINOPERATORLIB_TEXT   CODE
 211B2H 21A58H 008A7H BINFILES_TEXT          CODE
 21A59H 22748H 00CF0H FOUR3_TEXT             CODE
 22749H 2814CH 05A04H PULSESEQUENCE_TEXT     CODE
 2814DH 28BD9H 00A8DH DATAFILESINOUT_TEXT    CODE
 28BDAH 2D124H 0454BH CALCSPEC_TEXT          CODE
 2D125H 2DD5BH 00C37H REALCONVERSIONS_TEXT   CODE
 2DD5CH 2DDB9H 0005EH RTS87_TEXT             CODE
 2DDBAH 2DE11H 00058H RTS87_INIT_TEXT        CODE
 2DE12H 2DED8H 000C7H RTSError_TEXT          CODE
 2DED9H 2DF07H 0002FH RTSError_INIT_TEXT     CODE
 2DF08H 2DFBAH 000B3H RTSLanguage_TEXT       CODE
 2DFBBH 2DFBBH 00001H RTSLanguage_INIT_TEXT  CODE
 2DFBCH 2E6F0H 00735H RTSMain_TEXT           CODE
 2E6F1H 2E6FAH 0000AH RTSRealError_TEXT      CODE
 2E6FBH 2E6FBH 00001H RTSRealError_INIT_TEXT CODE
 2E6FCH 2E9FFH 00304H Strings_TEXT           CODE
 2EA00H 30039H 0163AH FILESYSTEM_TEXT        CODE
 3003AH 30316H 002DDH TIMEDATE_TEXT          CODE
 30317H 31A93H 0177DH LOGIFILE_TEXT          CODE
 31A94H 31BFBH 00168H KEYBOARD_TEXT          CODE
 31BFCH 32713H 00B18H INOUT_TEXT             CODE
 32714H 329F2H 002DFH DIRECTORIES_TEXT       CODE
 329F3H 32BB9H 001C7H TERMINAL_TEXT          CODE
 32BBAH 32F9FH 003E6H TERMBASE_TEXT          CODE
 32FA0H 33001H 00062H SOUNDS_TEXT            CODE
 33002H 3348EH 0048DH DebugPMD_TEXT          CODE
 3348FH 33527H 00099H DebugPMD_INIT_TEXT     CODE
 33528H 3375DH 00236H DELAY_TEXT             CODE
 3375EH 33782H 00025H ASCII_TEXT             CODE
 33783H 33ADBH 00359H STORAGE_TEXT           CODE
 33ADCH 33B78H 0009DH DISPLAY_TEXT           CODE
 33B79H 35387H 0180FH DISKFILES_TEXT         CODE
 35388H 359C3H 0063CH NUMBERCONVERSION_TEXT  CODE
 359C4H 36037H 00674H EXEC_TEXT              CODE
 36038H 3623BH 00204H DynMem_TEXT            CODE
 3623CH 364F4H 002B9H DOSMEMORY_TEXT         CODE
 364F5H 367D3H 002DFH Longs_TEXT             CODE
 367D4H 36968H 00195H RTSCoroutine_TEXT      CODE
 36969H 36969H 00001H RTSCoroutine_INIT_TEXT CODE
 3696AH 36AF4H 0018BH RTSIntPROC_TEXT        CODE
 36AF5H 37298H 007A4H Reals_TEXT             CODE
 37299H 374F1H 00259H REALINOUT_TEXT         CODE
 374F2H 384D3H 00FE2H MathLib0_TEXT          CODE
 384D4H 387A4H 002D1H FLOATINGUTILITIES_TEXT CODE
 387A6H 3892FH 0018AH MODULE_TABLE_DATA      FAR_DATA
 38930H 3897AH 0004BH INIT_FLAG_DATA         FAR_DATA
 3897CH 38B4BH 001D0H RTSMain_DATA           FAR_DATA
 38B4CH 38B51H 00006H RTS87_DATA             FAR_DATA
 38B52H 391F3H 006A2H DebugPMD_DATA          FAR_DATA
 391F4H 391F7H 00004H RTSCoroutine_DATA      FAR_DATA
 391F8H 39299H 000A2H RTSIntPROC_DATA        FAR_DATA
 3929AH 48566H 0F2CDH ILV_DATA               FAR_BSS
 48568H 486A2H 0013BH GRAPHICS_DATA          FAR_BSS
 486A4H 486E4H 00041H PLOT386_DATA           FAR_BSS
 486E6H 486E7H 00002H PULSELIB_DATA          FAR_BSS
 486E8H 486E8H 00000H GRADLIB_DATA           FAR_BSS
 486E8H 486E8H 00000H MATRIXMATHLIB_DATA     FAR_BSS
 486E8H 486E8H 00000H SPINOPERATORLIB_DATA   FAR_BSS
 486E8H 486E8H 00000H BINFILES_DATA          FAR_BSS
 486E8H 486E8H 00000H FOUR3_DATA             FAR_BSS
 486E8H 4F084H 0699DH PULSESEQUENCE_DATA     FAR_BSS
 4F086H 4F086H 00000H DATAFILESINOUT_DATA    FAR_BSS
 4F086H 4F086H 00000H CALCSPEC_DATA          FAR_BSS
 4F086H 4F086H 00000H REALCONVERSIONS_DATA   FAR_BSS
 4F086H 4F22BH 001A6H FILESYSTEM_DATA        FAR_BSS
 4F22CH 4F22CH 00000H TIMEDATE_DATA          FAR_BSS
 4F22CH 4F651H 00426H LOGIFILE_DATA          FAR_BSS
 4F652H 4F6D9H 00088H KEYBOARD_DATA          FAR_BSS
 4F6DAH 4F772H 00099H INOUT_DATA             FAR_BSS
 4F774H 4F774H 00000H DIRECTORIES_DATA       FAR_BSS
 4F774H 4F775H 00002H TERMINAL_DATA          FAR_BSS
 4F776H 4F808H 00093H TERMBASE_DATA          FAR_BSS
 4F80AH 4F80AH 00000H SOUNDS_DATA            FAR_BSS
 4F80AH 4F821H 00018H DELAY_DATA             FAR_BSS
 4F822H 4F822H 00000H ASCII_DATA             FAR_BSS
 4F822H 4F843H 00022H STORAGE_DATA           FAR_BSS
 4F844H 4F844H 00000H DISPLAY_DATA           FAR_BSS
 4F844H 51C04H 023C1H DISKFILES_DATA         FAR_BSS
 51C06H 51C06H 00000H NUMBERCONVERSION_DATA  FAR_BSS
 51C06H 51DE3H 001DEH EXEC_DATA              FAR_BSS
 51DE4H 51DE4H 00000H DOSMEMORY_DATA         FAR_BSS
 51DE4H 51DE4H 00001H REALINOUT_DATA         FAR_BSS
 51DE6H 51DE6H 00000H FLOATINGUTILITIES_DATA FAR_BSS
 51DF0H 61DEEH 0FFFFH STACK                  STACK
 61DF0H 61DF0H 00000H FREE                   FREE_BSS

 Origin   Group
 3929:0   DGROUP

  Address         Publics by Name

 486E:0008       $BD__BinFiles
 4F08:0006       $BD__CalcSpec
 4F08:0006       $BD__DataFilesInOut
 486E:0008       $BD__FOUR3
 486E:0008       $BD__GradLib
 486E:0008       $BD__MatrixMathLib
 486E:0006       $BD__PulseLib
 486E:0008       $BD__PulseSequence
 391F:0004       $BD__RTSCoroutine
 3897:000C       $BD__RTSMain
 4F08:0006       $BD__RealConversions
 486E:0008       $BD__SpinOperatorLib
 3929:000A       $BD__ilv
 486A:0004       $BD__plot386
 211B:0002       $BM__BinFiles
 28BD:000A       $BM__CalcSpec
 2814:000D       $BM__DataFilesInOut
 3603:0008       $BM__DynMem
 21A5:0009       $BM__FOUR3
 176B:000A       $BM__GradLib
 374F:0002       $BM__MathLib0
 17FC:000F       $BM__MatrixMathLib
 1325:0003       $BM__PulseLib
 2274:0009       $BM__PulseSequence
 367D:0004       $BM__RTSCoroutine
 3696:000A       $BM__RTSIntPROC
 2DFB:000C       $BM__RTSMain
 2D12:0005       $BM__RealConversions
 36AF:0005       $BM__Reals
 1FD7:0004       $BM__SpinOperatorLib
 0000:0000       $BM__ilv
 10D7:0001       $BM__plot386
 211B:085A       $BODY__BinFiles
 28BD:44E8       $BODY__CalcSpec
 2814:0A50       $BODY__DataFilesInOut
 21A5:0CC8       $BODY__FOUR3
 176B:08E4       $BODY__GradLib
 17FC:7D79       $BODY__MatrixMathLib
 1325:4425       $BODY__PulseLib
 2274:59B9       $BODY__PulseSequence
 2DFB:0714       $BODY__RTSMain
 2D12:0C14       $BODY__RealConversions
 1FD7:1411       $BODY__SpinOperatorLib
 0000:DBCF       $BODY__ilv
 10D7:2480       $BODY__plot386
 387A:0006       $DD
 486E:0008       $ED__BinFiles
 4F08:0006       $ED__CalcSpec
 4F08:0006       $ED__DataFilesInOut
 486E:0008       $ED__FOUR3
 486E:0008       $ED__GradLib
 486E:0008       $ED__MatrixMathLib
 486E:0008       $ED__PulseLib
 486E:69A5       $ED__PulseSequence
 391F:0007       $ED__RTSCoroutine
 3897:01DB       $ED__RTSMain
 4F08:0006       $ED__RealConversions
 486E:0008       $ED__SpinOperatorLib
 3929:F2D7       $ED__ilv
 486A:0045       $ED__plot386
 3375:0032       $EM__ASCII
 211B:08A8       $EM__BinFiles
 28BD:4554       $EM__CalcSpec
 3623:02C4       $EM__DOSMemory
 2814:0A99       $EM__DataFilesInOut
 3352:023D       $EM__Delay
 3271:02E2       $EM__Directories
 33B7:1817       $EM__DiskFiles
 33AD:00A8       $EM__Display
 3603:020C       $EM__DynMem
 359C:0677       $EM__Exec
 21A5:0CF8       $EM__FOUR3
 2EA0:1639       $EM__FileSystem
 384D:02D4       $EM__FloatingUtilities
 176B:091E       $EM__GradLib
 0DDC:2FB0       $EM__Graphics
 31BF:0B23       $EM__InOut
 31A9:016B       $EM__Keyboard
 3031:1783       $EM__LogiFile
 374F:0FE4       $EM__MathLib0
 17FC:7DB3       $EM__MatrixMathLib
 3538:0643       $EM__NumberConversion
 1325:4469       $EM__PulseLib
 2274:5A0C       $EM__PulseSequence
 367D:0198       $EM__RTSCoroutine
 3696:0194       $EM__RTSIntPROC
 2DFB:0740       $EM__RTSMain
 2D12:0C3B       $EM__RealConversions
 3729:0261       $EM__RealInOut
 36AF:07A9       $EM__Reals
 32FA:0061       $EM__Sounds
 1FD7:1441       $EM__SpinOperatorLib
 3378:035B       $EM__Storage
 32BB:03EF       $EM__Termbase
 329F:01C9       $EM__Terminal
 3003:02E6       $EM__TimeDate
 0000:DDC3       $EM__ilv
 10D7:24E2       $EM__plot386
 3375:0017       $INIT__ASCII
 211B:0860       $INIT__BinFiles
 28BD:44EE       $INIT__CalcSpec
 3623:02A4       $INIT__DOSMemory
 2814:0A56       $INIT__DataFilesInOut
 3348:000F       $INIT__DebugPMD
 3352:021D       $INIT__Delay
 3271:02C7       $INIT__Directories
 33B7:17F2       $INIT__DiskFiles
 33AD:0088       $INIT__Display
 3603:020B       $INIT__DynMem
 359C:0652       $INIT__Exec
 21A5:0CCE       $INIT__FOUR3
 2EA0:160F       $INIT__FileSystem
 384D:02B4       $INIT__FloatingUtilities
 176B:08EA       $INIT__GradLib
 0DDC:2F95       $INIT__Graphics
 31BF:0AFE       $INIT__InOut
 31A9:0146       $INIT__Keyboard
 3031:1754       $INIT__LogiFile
 364F:02E3       $INIT__Longs
 374F:0FD4       $INIT__MathLib0
 17FC:7D7F       $INIT__MatrixMathLib
 3538:0628       $INIT__NumberConversion
 1325:442B       $INIT__PulseLib
 2274:59BF       $INIT__PulseSequence
 2DDB:000A       $INIT__RTS87
 3696:0009       $INIT__RTSCoroutine
 2DED:0009       $INIT__RTSError
 3696:014C       $INIT__RTSIntPROC
 2DFB:000B       $INIT__RTSLanguage
 2DFB:0702       $INIT__RTSMain
 2E6F:000B       $INIT__RTSRealError
 2D12:0C1B       $INIT__RealConversions
 3729:022D       $INIT__RealInOut
 36AF:0799       $INIT__Reals
 32FA:0046       $INIT__Sounds
 1FD7:1417       $INIT__SpinOperatorLib
 3378:0331       $INIT__Storage
 2E6F:030F       $INIT__Strings
 32BB:03C5       $INIT__Termbase
 329F:01A4       $INIT__Terminal
 3003:02C6       $INIT__TimeDate
 10D7:2486       $INIT__plot386
 387A:0006       $MN__ilv
 387A:0142       $OK__01mar90_1621_OF_ASCII
 387A:016C       $OK__01mar90_1621_OF_DOSMemory
 387A:013C       $OK__01mar90_1621_OF_Delay
 387A:011E       $OK__01mar90_1621_OF_Directorie
 387A:0154       $OK__01mar90_1621_OF_DiskFiles
 387A:014E       $OK__01mar90_1621_OF_Display
 387A:0100       $OK__01mar90_1621_OF_FileSystem
 387A:0118       $OK__01mar90_1621_OF_InOut
 387A:0112       $OK__01mar90_1621_OF_Keyboard
 387A:010C       $OK__01mar90_1621_OF_LogiFile
 387A:015A       $OK__01mar90_1621_OF_NumberConv
 387A:0148       $OK__01mar90_1621_OF_Storage
 387A:012A       $OK__01mar90_1621_OF_Termbase
 387A:0124       $OK__01mar90_1621_OF_Terminal
 387A:0106       $OK__01mar90_1621_OF_TimeDate
 387A:0160       $OK__01mar90_1622_OF_Exec
 387A:0094       $OK__01mar90_1622_OF_Graphics
 387A:0130       $OK__01mar90_1622_OF_Sounds
 387A:018A       $OK__01mar90_1626_OF_FloatingUt
 387A:0184       $OK__01mar90_1626_OF_RealInOut
 387A:0172       $OK__05feb87_1233_OF_Longs
 387A:00E2       $OK__10jul87_1400_OF_RTSError
 387A:00F4       $OK__10jul87_1400_OF_RTSRealErr
 387A:00E8       $OK__10jul87_1401_OF_RTSLanguag
 387A:00DC       $OK__10jul87_1403_OF_RTS87
 387A:00AC       $OK__11jan96_1131_OF_MatrixMath
 387A:00A0       $OK__11jan96_1132_OF_PulseLib
 387A:00B2       $OK__11jan96_1132_OF_SpinOperat
 387A:009A       $OK__11jan96_1132_OF_plot386
 387A:00B8       $OK__11jan96_1133_OF_BinFiles
 387A:00BE       $OK__11jan96_1133_OF_FOUR3
 387A:00A6       $OK__11jan96_1133_OF_GradLib
 387A:00CA       $OK__11jan96_1134_OF_DataFilesI
 387A:00C4       $OK__11jan96_1134_OF_PulseSeque
 387A:0006       $OK__11jan96_1143_OF_ilv
 387A:00D0       $OK__11jan96_1144_OF_CalcSpec
 387A:0178       $OK__15jun87_0924_OF_RTSCorouti
 387A:017E       $OK__15jun87_0924_OF_RTSIntPROC
 387A:00D6       $OK__15oct90_2155_OF_RealConver
 387A:0166       $OK__16jun87_1952_OF_DynMem
 387A:0136       $OK__16jun87_2059_OF_DebugPMD
 387A:00EE       $OK__19aug87_1403_OF_RTSMain
 387A:00FA       $OK__31jul87_1000_OF_Strings
 2DD5:004A       AT87Server
 2DE1:0016       AddrOvf__RTSError
 2DE1:0020       CardOvf__RTSError
 2DE1:0002       CaseError__RTSError
 3897:0056       DescInt0__RTSMain
 2DE1:0048       DivZero__RTSError
 4F6D:000A       Done__InOut
 51DE:0004       Done__RealInOut
 2DF0:0071       DynParCopy__RTSLanguage
 2DFB:060A       Error__RTSMain
 3929:00E7       Eval__ilv
 2DE1:000C       FctRetError__RTSError
 3929:6107       Icoup__ilv
 3929:8107       Ilist__ilv
 2DE1:002A       IntegerOvf__RTSError
 3929:7107       Istat__ilv
 3929:3107       Ixtot__ilv
 3929:4107       Iytot__ilv
 3929:1107       Izee__ilv
 3929:2107       Izgrad__ilv
 3929:5107       Iztot__ilv
 486E:0078       Jcount__PulseSequence
 486E:0076       Jexact__PulseSequence
 0000:0000  Abs  KEY__00xxx00_0000_OF_DebugPMD
 0000:0000  Abs  KEY__00xxx00_0000_OF_RTS87
 0000:0000  Abs  KEY__00xxx00_0000_OF_RTSCorouti
 0000:0000  Abs  KEY__00xxx00_0000_OF_RTSError
 0000:0000  Abs  KEY__00xxx00_0000_OF_RTSLanguag
 0000:0000  Abs  KEY__00xxx00_0000_OF_RTSMain
 0000:0000  Abs  KEY__00xxx00_0000_OF_RTSRealErr
 0000:0000  Abs  KEY__05feb87_1233_OF_Longs
 0000:0000  Abs  KEY__10aug87_2030_OF_ASCII
 0000:0000  Abs  KEY__10aug87_2031_OF_DOSMemory
 0000:0000  Abs  KEY__10aug87_2031_OF_DebugPMD
 0000:0000  Abs  KEY__10aug87_2031_OF_Delay
 0000:0000  Abs  KEY__10aug87_2031_OF_Directorie
 0000:0000  Abs  KEY__10aug87_2031_OF_Display
 0000:0000  Abs  KEY__10aug87_2031_OF_DynMem
 0000:0000  Abs  KEY__10aug87_2031_OF_Keyboard
 0000:0000  Abs  KEY__10aug87_2031_OF_NumberConv
 0000:0000  Abs  KEY__10aug87_2031_OF_Storage
 0000:0000  Abs  KEY__10aug87_2031_OF_Strings
 0000:0000  Abs  KEY__10aug87_2031_OF_Termbase
 0000:0000  Abs  KEY__10aug87_2031_OF_Terminal
 0000:0000  Abs  KEY__10aug87_2031_OF_TimeDate
 0000:0000  Abs  KEY__10aug87_2032_OF_Exec
 0000:0000  Abs  KEY__10aug87_2032_OF_FloatingUt
 0000:0000  Abs  KEY__10aug87_2032_OF_Graphics
 0000:0000  Abs  KEY__10aug87_2032_OF_LogiFile
 0000:0000  Abs  KEY__10aug87_2032_OF_MathLib0
 0000:0000  Abs  KEY__10aug87_2033_OF_RTSCorouti
 0000:0000  Abs  KEY__10aug87_2033_OF_RTSIntPROC
 0000:0000  Abs  KEY__10aug87_2033_OF_RealConver
 0000:0000  Abs  KEY__10aug87_2033_OF_RealInOut
 0000:0000  Abs  KEY__10aug87_2033_OF_Sounds
 0000:0000  Abs  KEY__11jan96_1131_OF_MatrixMath
 0000:0000  Abs  KEY__11jan96_1132_OF_CalcSpec
 0000:0000  Abs  KEY__11jan96_1132_OF_PulseLib
 0000:0000  Abs  KEY__11jan96_1132_OF_SpinOperat
 0000:0000  Abs  KEY__11jan96_1132_OF_plot386
 0000:0000  Abs  KEY__11jan96_1133_OF_BinFiles
 0000:0000  Abs  KEY__11jan96_1133_OF_FOUR3
 0000:0000  Abs  KEY__11jan96_1133_OF_GradLib
 0000:0000  Abs  KEY__11jan96_1134_OF_DataFilesI
 0000:0000  Abs  KEY__11jan96_1134_OF_PulseSeque
 0000:0000  Abs  KEY__11jan96_1143_OF_ilv
 0000:0000  Abs  KEY__12aug87_1620_OF_RTSMain
 0000:0000  Abs  KEY__17jul86_1735_OF_Reals
 0000:0000  Abs  KEY__18aug87_0958_OF_FileSystem
 0000:0000  Abs  KEY__18aug87_0959_OF_DiskFiles
 0000:0000  Abs  KEY__18aug87_0959_OF_InOut
 364F:01FC       LDiv__Longs
 364F:0192       LMultU__Longs
 364F:00EB       LMult__Longs
 3378:0005       L__ALLOCATE__Storage
 1325:1143       L__AMHardPulseDefinition__Pulse
 1325:0FE8       L__AMPulseDefinition__PulseLib
 36AF:06AC       L__Abs__Reals
 36AF:01AB       L__Add__Reals
 17FC:7102       L__Adjungate__MatrixMathLib
 2EA0:0361       L__Again__FileSystem
 3603:0061       L__Alloc__DynMem
 0DDC:119E       L__Arc__Graphics
 32BB:000C       L__AssignRead__Termbase
 32BB:018E       L__AssignWrite__Termbase
 2E6F:006B       L__Assign__Strings
 3603:01C7       L__Avail__DynMem
 3378:01C8       L__Available__Storage
 28BD:1460       L__AverageSpectrum__CalcSpec
 0DDC:2C4E       L__BackgroundColor__Graphics
 0DDC:2B7E       L__BackgroundPattern__Graphics
 211B:03D0       L__BinFileActions__BinFiles
 17FC:0372       L__CMatAdd__MatrixMathLib
 17FC:02D4       L__CMatCommutator__MatrixMathLi
 17FC:05B7       L__CMatMultAdd__MatrixMathLib
 17FC:0ACC       L__CMatMult__MatrixMathLib
 17FC:0849       L__CMatRMultAdd__MatrixMathLib
 17FC:1108       L__CMatZero__MatrixMathLib
 17FC:16D7       L__CMultCMat__MatrixMathLib
 176B:020D       L__CalcGrad__GradLib
 17FC:1F6F       L__CalcTrace__MatrixMathLib
 2DFB:00FB       L__CallInitProc__RTSMain
 2DFB:0109       L__CallTermProc__RTSMain
 3538:0261       L__CardToString__NumberConversi
 0DDC:0BBD       L__Circle__Graphics
 0DDC:2BBC       L__ClearWindow__Graphics
 0DDC:0207       L__ClipDot__Graphics
 0DDC:08D9       L__ClipLine__Graphics
 31BF:037E       L__CloseInput__InOut
 31BF:03A5       L__CloseOutput__InOut
 2EA0:00A9       L__Close__FileSystem
 3031:058A       L__Close__LogiFile
 0DDC:2CA0       L__ColorTable__Graphics
 2E6F:02BE       L__CompareStr__Strings
 3003:0127       L__CompareTime__TimeDate
 36AF:0685       L__CompareZero__Reals
 36AF:0612       L__Compare__Reals
 2274:1567       L__ComposePulseSequence__PulseS
 2E6F:0267       L__Concat__Strings
 2E6F:0029       L__ConstAssign__Strings
 17FC:138F       L__CopyCMatrix__MatrixMathLib
 2E6F:01F5       L__Copy__Strings
 2EA0:0079       L__CreateFile__FileSystem
 2EA0:106C       L__CreateMedium__FileSystem
 2814:043F       L__Create_IDL_File__DataFilesIn
 2EA0:004A       L__Create__FileSystem
 3031:055B       L__Create__LogiFile
 0DDC:2337       L__CursorColor__Graphics
 0DDC:231A       L__CursorShape__Graphics
 0DDC:2372       L__CursorShow__Graphics
 0DDC:2888       L__CursorVisible__Graphics
 0DDC:234B       L__CursorWrap__Graphics
 3378:0125       L__DEALLOCATE__Storage
 3623:000E       L__DOSAlloc__DOSMemory
 3623:01BC       L__DOSAvail__DOSMemory
 3623:00EF       L__DOSDeAlloc__DOSMemory
 3623:024D       L__DOSGetMaxSize__DOSMemory
 3623:01FC       L__DOSSetSize__DOSMemory
 3603:010A       L__DeAlloc__DynMem
 3352:000A       L__Delay__Delay
 3271:0252       L__Delete__Directories
 2EA0:0167       L__Delete__FileSystem
 3031:05A3       L__Delete__LogiFile
 2E6F:0158       L__Delete__Strings
 28BD:1D97       L__Determine2DSpectrum__CalcSpe
 3271:0006       L__DirQuery__Directories
 33B7:11AA       L__DiskDirProc__DiskFiles
 33B7:03EB       L__DiskFileProc__DiskFiles
 0DDC:24FD       L__DisplayCursor__Graphics
 36AF:04B6       L__Div__Reals
 17FC:211A       L__DoRotation__MatrixMathLib
 17FC:2164       L__DoSpectrum__MatrixMathLib
 2EA0:0265       L__Doio__FileSystem
 359C:0197       L__DosCommand__Exec
 359C:013C       L__DosShell__Exec
 0DDC:0313       L__Dot__Graphics
 3031:149B       L__EndFile__LogiFile
 0DDC:238A       L__EraseCursor__Graphics
 359C:0044       L__Execute__Exec
 2DFB:04FF       L__Execute__RTSMain
 17FC:7605       L__ExpMatrix__MatrixMathLib
 17FC:195E       L__ExpectationValue__MatrixMath
 1325:1481       L__FMPulseDefinition__PulseLib
 2EA0:14D8       L__FileNameChar__FileSystem
 0DDC:1CAC       L__FillRect__Graphics
 384D:01E4       L__Float__FloatingUtilities
 0DDC:189A       L__FloodFill__Graphics
 0DDC:2C90       L__ForegroundColor__Graphics
 384D:0036       L__Frac__FloatingUtilities
 3696:0113       L__FreeIntPROC__RTSIntPROC
 2EA0:0190       L__GetAttribute__FileSystem
 0DDC:285F       L__GetCursorPosition__Graphics
 0DDC:035A       L__GetDotColor__Graphics
 3031:05BC       L__GetFileDate__LogiFile
 2DFB:0153       L__GetMessage__RTSMain
 2EA0:02A1       L__GetPos__FileSystem
 3031:0648       L__GetPos__LogiFile
 0DDC:2A6A       L__GetScreenExt__Graphics
 0DDC:2A53       L__GetScreenMode__Graphics
 3003:000C       L__GetTime__TimeDate
 0DDC:2B49       L__GetWindow__Graphics
 10D7:1282       L__Image__plot386
 33B7:000F       L__InitDiskSystem__DiskFiles
 2E6F:00A2       L__Insert__Strings
 3603:0008       L__InstallDynMem__DynMem
 3378:026C       L__InstallHeap__Storage
 2DFB:0087       L__InstallInitProc__RTSMain
 2DFB:000D       L__InstallTermProc__RTSMain
 3538:01C1       L__IntToString__NumberConversio
 384D:0079       L__Int__FloatingUtilities
 31A9:0006       L__KeyPressed__Keyboard
 32BB:00E1       L__KeyPressed__Termbase
 329F:0005       L__KeyPressed__Terminal
 2EA0:02CE       L__Length__FileSystem
 2E6F:000C       L__Length__Strings
 0DDC:0B35       L__Line__Graphics
 3538:0206       L__LongIntToString__NumberConve
 2EA0:00DE       L__Lookup__FileSystem
 1FD7:0280       L__MakeKets__SpinOperatorLib
 1FD7:0C53       L__MakeMatrixImin__SpinOperator
 1FD7:0706       L__MakeMatrixIplus__SpinOperato
 1FD7:0D63       L__MakeMatrixIx__SpinOperatorLi
 1FD7:0F65       L__MakeMatrixIy__SpinOperatorLi
 1FD7:1167       L__MakeMatrixIz__SpinOperatorLi
 1FD7:11F2       L__MakeTotalIx__SpinOperatorLib
 1FD7:12A7       L__MakeTotalIy__SpinOperatorLib
 1FD7:135C       L__MakeTotalIz__SpinOperatorLib
 3031:0F98       L__ModifyByte__LogiFile
 3031:13FE       L__ModifyWord__LogiFile
 0DDC:280F       L__MoveCursor__Graphics
 36AF:0333       L__Mult__Reals
 36AF:06B7       L__Neg__Reals
 32FA:0032       L__NoSound__Sounds
 17FC:2027       L__NormCMatrix__MatrixMathLib
 3538:0295       L__NumToString__NumberConversio
 2EA0:010E       L__OpenFile__FileSystem
 31BF:01C4       L__OpenInput__InOut
 31BF:0262       L__OpenOutput__InOut
 3031:052C       L__Open__LogiFile
 0DDC:2BF3       L__Palette__Graphics
 0DDC:1D0F       L__Pattern__Graphics
 36AF:075D       L__PopCardinal__Reals
 36AF:06F7       L__PopInteger__Reals
 36AF:00BE       L__PopParameter__Reals
 36AF:00B6       L__PopReal__Reals
 2E6F:0194       L__Pos__Strings
 36AF:072F       L__PushCardinal__Reals
 36AF:06C2       L__PushInteger__Reals
 36AF:0191       L__PushRealResult__Reals
 36AF:0182       L__PushReal__Reals
 17FC:1526       L__RMultCMat__MatrixMathLib
 329F:010D       L__ReadAgain__Terminal
 211B:06B0       L__ReadBinFileHeader__BinFiles
 2EA0:0384       L__ReadByte__FileSystem
 3031:0C7D       L__ReadByte__LogiFile
 31BF:0722       L__ReadCard__InOut
 2EA0:0503       L__ReadChar__FileSystem
 3031:0766       L__ReadChar__LogiFile
 31BF:05A5       L__ReadInt__InOut
 2EA0:0661       L__ReadNBytes__FileSystem
 3031:0A72       L__ReadNBytes__LogiFile
 3729:0016       L__ReadReal__RealInOut
 31BF:0467       L__ReadString__InOut
 329F:008C       L__ReadString__Terminal
 2EA0:05CF       L__ReadWord__FileSystem
 3031:10D9       L__ReadWord__LogiFile
 31BF:0421       L__ReadWrd__InOut
 31BF:03CC       L__Read__InOut
 31A9:0037       L__Read__Keyboard
 32BB:0092       L__Read__Termbase
 329F:0011       L__Read__Terminal
 2814:0342       L__RealArrayIn__DataFilesInOut
 2814:0213       L__RealArrayOut__DataFilesInOut
 2D12:0724       L__RealToString__RealConversion
 3378:02BC       L__RemoveHeap__Storage
 3696:00DF       L__RemoveIntPROC__RTSIntPROC
 2EA0:112B       L__RemoveMedium__FileSystem
 3271:019D       L__Rename__Directories
 2EA0:013E       L__Rename__FileSystem
 2EA0:02FB       L__Reset__FileSystem
 3031:074F       L__Reset__LogiFile
 0DDC:22E9       L__RestorePicture__Graphics
 36AF:0191       L__RestoreRealStackWithReal__Re
 36AF:01A6       L__RestoreRealStack__Reals
 384D:0167       L__Round__FloatingUtilities
 359C:02D1       L__Run__Exec
 0DDC:228D       L__SavePicture__Graphics
 36AF:01A5       L__SaveRealStack__Reals
 0DDC:2897       L__ScreenMode__Graphics
 28BD:0927       L__SeparateSpectra__CalcSpec
 2EA0:01C5       L__SetAttribute__FileSystem
 3696:00A9       L__SetIntPROC__RTSIntPROC
 2EA0:0229       L__SetModify__FileSystem
 2EA0:0247       L__SetOpen__FileSystem
 2EA0:027B       L__SetPos__FileSystem
 3031:0682       L__SetPos__LogiFile
 2EA0:01F5       L__SetRead__FileSystem
 3003:008F       L__SetTime__TimeDate
 2EA0:0213       L__SetWrite__FileSystem
 17FC:1221       L__ShowCMatElements__MatrixMath
 32FA:0002       L__Sound__Sounds
 3538:052A       L__StringToCard__NumberConversi
 3538:04C2       L__StringToInt__NumberConversio
 3538:058F       L__StringToLongInt__NumberConve
 3538:05BD       L__StringToNum__NumberConversio
 2D12:0057       L__StringToReal__RealConversion
 36AF:01A7       L__Sub__Reals
 2DFB:065D       L__Terminate__RTSMain
 0DDC:16E7       L__Text__Graphics
 3003:01F1       L__TimeToString__TimeDate
 3003:01A2       L__TimeToZero__TimeDate
 384D:0253       L__Trunc__FloatingUtilities
 32BB:0131       L__UnAssignRead__Termbase
 32BB:0248       L__UnAssignWrite__Termbase
 0DDC:2A8F       L__Window__Graphics
 211B:0785       L__WriteBinFileHeader__BinFiles
 2EA0:0AC6       L__WriteByte__FileSystem
 3031:0D5D       L__WriteByte__LogiFile
 31BF:0961       L__WriteCard__InOut
 2EA0:0B95       L__WriteChar__FileSystem
 3031:0934       L__WriteChar__LogiFile
 31BF:0A98       L__WriteHex__InOut
 31BF:08C8       L__WriteInt__InOut
 31BF:0838       L__WriteLn__InOut
 329F:012F       L__WriteLn__Terminal
 2EA0:0BF2       L__WriteNBytes__FileSystem
 3031:0B79       L__WriteNBytes__LogiFile
 31BF:09D5       L__WriteOct__InOut
 3729:01B0       L__WriteRealOct__RealInOut
 3729:0077       L__WriteReal__RealInOut
 31BF:0860       L__WriteString__InOut
 329F:013E       L__WriteString__Terminal
 2EA0:0BC8       L__WriteWord__FileSystem
 3031:120E       L__WriteWord__LogiFile
 31BF:080E       L__WriteWrd__InOut
 33AD:000E       L__Write__Display
 31BF:07E1       L__Write__InOut
 32BB:01FB       L__Write__Termbase
 329F:011E       L__Write__Terminal
 374F:0CB1       L__arctan__MathLib0
 374F:0CA8       L__cos__MathLib0
 374F:0EFC       L__entier__MathLib0
 374F:09D6       L__exp__MathLib0
 21A5:0884       L__fft__FOUR3
 21A5:004B       L__four2__FOUR3
 374F:0AA7       L__ln__MathLib0
 374F:0EDF       L__real__MathLib0
 374F:0C9F       L__sin__MathLib0
 374F:0839       L__sqrt__MathLib0
 10D7:0B0F       L__tdplot1__plot386
 10D7:0E36       L__tdplot2__plot386
 374F:0B45       Log
 2DE1:0034       LongIntegerOvf__RTSError
 2DFB:0656       M2Halt__RTSMain
 2DD5:000C       NMIServer
 2D12:051A       N__convDigit__RealToString__Rea
 2D12:05A0       N__convertnumber__RealToString_
 2D12:061B       N__exp10__RealToString__RealCon
 1FD7:00F4       N__forproc__MakeKets__SpinOpera
 1FD7:004E       N__ketproc__MakeKets__SpinOpera
 0000:AB86       N__max__mnbrak__ilv
 17FC:49B6       N__pr1__HTRIDI__MatrixMathLib
 17FC:3833       N__pr1__TQL2__MatrixMathLib
 17FC:4287       N__pr2__TQL2__MatrixMathLib
 17FC:4B9E       N__pr3__HTRIDI__MatrixMathLib
 17FC:53BC       N__pr4__HTRIDI__MatrixMathLib
 17FC:5BAD       N__pr5__HTRIDI__MatrixMathLib
 367D:0004       NewProcess__RTSCoroutine
 486E:0074       Nspins__PulseSequence
 3929:0025       Nspins__ilv
 3897:000E       PSPAddress__RTSMain
 2DF0:0055       ParCopy__RTSLanguage
 2DE1:003E       RangeError__RTSError
 2E6F:0001       RealError__RTSRealError
 2814:09CB       S__AsciiIn__DataFilesInOut
 2814:0767       S__AsciiOut__DataFilesInOut
 0000:6A29       S__B1Inhomogeneity__ilv
 2274:581B       S__BinArrayOut2D__PulseSequence
 2274:55DB       S__BinArrayOut__PulseSequence
 28BD:27AF       S__Calc2Dfft__CalcSpec
 0000:76AF       S__CalcExpVal__ilv
 0000:CCF1       S__Calculate2DPulseSequence__il
 0000:D40C       S__CalculatePulseSequence__ilv
 10D7:2213       S__ColorTablePixel__plot386
 10D7:2110       S__ColoredPixel__plot386
 0000:8CEB       S__CreateNormOperator__ilv
 0000:894B       S__CreateOperators__ilv
 28BD:124C       S__Create_PV_WAVE_File__CalcSpe
 0000:8F58       S__DecimalTo4Mal__ilv
 2274:2184       S__Define2DSeqSector__PulseSequ
 0000:484E       S__DefinePulseHamiltonian__ilv
 2274:48E4       S__DefineSeqSector__PulseSequen
 0000:458A       S__DefinegradientOffset__ilv
 28BD:34FD       S__DispTransvSign__CalcSpec
 28BD:38E4       S__DisplaySignals__CalcSpec
 10D7:1EB2       S__DoColorImage__plot386
 2274:1D58       S__Edit2DPulseSequence__PulseSe
 2274:16C2       S__EditPulseSequence__PulseSequ
 17FC:74AD       S__Epower__MatrixMathLib
 0000:77EC       S__ExpValNDensMat__ilv
 0000:8304       S__ExpectationOperator__ilv
 0000:7B12       S__ExpectationValueRotation__il
 17FC:2F3C       S__HTRIBK__MatrixMathLib
 17FC:5EE3       S__HTRIDI__MatrixMathLib
 10D7:19A6       S__Index1__plot386
 10D7:1B2B       S__Index2__plot386
 10D7:1CB0       S__Index3__plot386
 2274:5965       S__Initialize__PulseSequence
 1FD7:05BF       S__InproductIplus__SpinOperator
 2274:4688       S__Ispins__PulseSequence
 0000:2DDD       S__Ispins__ilv
 0000:511A       S__LiouvilleInteractive__ilv
 0000:C927       S__LiouvilleNonInteractive__ilv
 2274:2EA3       S__Make2DPulseSeqFile__PulseSeq
 2274:4853       S__MakeBoltzmann__PulseSequence
 0000:3186       S__MakeBoltzmann__ilv
 0000:83E2       S__MakeExpectationValueOperator
 0000:40E8       S__MakeGradientOperator__ilv
 2274:3769       S__MakePulseSeqFile__PulseSeque
 2274:4593       S__MakeZeeman__PulseSequence
 0000:345A       S__MakeZeeman__ilv
 0000:2F8D       S__NonIntIspins__ilv
 0000:32E4       S__NonIntMakeBoltzmann__ilv
 0000:35D8       S__NonIntMakeZeeman__ilv
 0000:3C54       S__NonIntSpinSpinCoupling__ilv
 0000:9093       S__OperatorExpectationValues__i
 0000:BD07       S__Optimize__ilv
 0000:5618       S__OutputPulse__ilv
 0000:BFD0       S__ParArrayToSignal__ilv
 2274:337B       S__Read2DPulseSeqFile__PulseSeq
 2274:523C       S__ReadBxByPulse__PulseSequence
 0000:4D8C       S__ReadBxByPulse__ilv
 2274:53EE       S__ReadBxBzPulse__PulseSequence
 0000:4F19       S__ReadBxBzPulse__ilv
 2274:3DDE       S__ReadPulseSeqFile__PulseSeque
 0000:938C       S__RedefinePulseHamiltonian__il
 0000:93C2       S__RedefineSpinSystem__ilv
 0000:60BC       S__Rotate2D__ilv
 0000:56AD       S__Rotate3D__ilv
 2814:0932       S__SGFileIn__DataFilesInOut
 2814:0660       S__SGFileOut__DataFilesInOut
 2814:080C       S__SGXYFileOut__DataFilesInOut
 10D7:203F       S__Scale__plot386
 10D7:2232       S__SetPixel1__plot386
 10D7:2292       S__SetPixel2__plot386
 10D7:2314       S__SetPixel3__plot386
 10D7:2420       S__SetPixel4__plot386
 0000:41C5       S__SetupSpins__ilv
 0000:C596       S__SignalToParArray__ilv
 17FC:77A3       S__SortSpectrum__MatrixMathLib
 2274:439E       S__SpinSpinCoupling__PulseSeque
 0000:376E       S__SpinSpinCoupling__ilv
 0000:BF2A       S__StartOptimization__ilv
 17FC:45A3       S__TQL2__MatrixMathLib
 0000:950A       S__TotalStartUp__ilv
 17FC:7097       S__Transform__MatrixMathLib
 28BD:3283       S__TransposeDataMatrix__CalcSpe
 17FC:7316       S__Transpose__MatrixMathLib
 0000:7768       S__WriteIDL_BW_Header__ilv
 1325:1766       S__ampulseproc1__PulseLib
 1325:1956       S__ampulseproc2__PulseLib
 1325:2CDD       S__ampulseproc3__PulseLib
 1325:2FFE       S__ampulseproc4__PulseLib
 0000:9F96       S__brent__ilv
 10D7:078C       S__curve__plot386
 0000:A994       S__df1dim__ilv
 0000:B9DF       S__dfnc__ilv
 0000:A931       S__dfunc__ilv
 1325:1E75       S__fmpulseproc1__PulseLib
 1325:22F2       S__fmpulseproc2__PulseLib
 1325:2760       S__fmpulseproc3__PulseLib
 1325:3601       S__fmpulseproc4__PulseLib
 1325:3EFE       S__fmpulseproc5__PulseLib
 1325:4196       S__fmpulseproc6__PulseLib
 0000:B5E4       S__fnc__ilv
 0000:95C9       S__frprmn__ilv
 0000:B4C1       S__func__ilv
 176B:0850       S__gradproc1__GradLib
 176B:030D       S__gradproc2__GradLib
 176B:05B0       S__gradproc3__GradLib
 1325:164E       S__hardpulseproc__PulseLib
 17FC:6FA3       S__hermit__MatrixMathLib
 0000:421B       S__init__ilv
 1FD7:0B0C       S__inproductImin__SpinOperatorL
 0000:9C50       S__linmin__ilv
 10D7:01E9       S__minmax__plot386
 0000:ABF5       S__mnbrak__ilv
 10D7:06F8       S__offset__plot386
 1FD7:0816       S__operateImin__SpinOperatorLib
 1FD7:02C9       S__operateIplus__SpinOperatorLi
 10D7:09CF       S__punt__plot386
 10D7:05C0       S__schaalverd__plot386
 10D7:0382       S__schermklaar__plot386
 10D7:0362       S__schermterug__plot386
 17FC:729C       S__sign__MatrixMathLib
 0000:9F1C       S__sign__ilv
 2DF0:0008       SpecialCASE__RTSLanguage
 2DFB:0647       StackCheck__RTSMain
 2DFB:064F       StackOvf__RTSMain
 0000:DD36       StartModula
 367D:0141       Transfer__RTSCoroutine
 3897:0026       activProcess__RTSMain
 391F:0004       addProcess__RTSCoroutine
 3929:0019       ap__ilv
 364F:0023       areSetsEQ__Longs
 3929:0015       batch__ilv
 486A:0034       bereikx__plot386
 486A:003C       bereiky__plot386
 3897:0012       blockList__RTSMain
 3929:0029       calc__ilv
 486E:0006       choice__PulseLib
 3929:0097       cn1__ilv
 3929:00A7       cn2__ilv
 3929:00B7       cn3__ilv
 3929:00C7       cn4__ilv
 3929:00D7       cn5__ilv
 3929:0087       cn__ilv
 364F:00B9       complement__Longs
 486E:0131       couplings__PulseSequence
 3897:0022       curProcess__RTSMain
 3897:002A       debuggerRecord__RTSMain
 3929:0107       densmat__ilv
 3897:003C       deviceMask__RTSMain
 486E:0479       dx__PulseSequence
 3929:005F       dx__ilv
 486E:0521       dy__PulseSequence
 3929:0067       dy__ilv
 3897:003E       dyingOverlay__RTSMain
 486E:05C9       dz__PulseSequence
 3929:006F       dz__ilv
 3897:000C       errorCode__RTSMain
 374F:04DD       flpt_Fraction_Multiply
 374F:05D9       flpt_Polynomial
 374F:06B8       flpt_Remainder
 374F:0358       flpt_Square_Fix
 374F:0483       flst_Duplicate_TOS
 374F:0470       flst_Pop
 374F:0456       flst_Push
 374F:049E       flst_Swap_TOS
 486E:0089       fnames__PulseSequence
 3897:0126       freeList__RTSMain
 3929:0077       gs__ilv
 486E:37BF       gx__PulseSequence
 3929:830F       gx__ilv
 486E:47C7       gy__PulseSequence
 3929:9317       gy__ilv
 486E:57CF       gz__PulseSequence
 3929:A31F       gz__ilv
 3929:002F       h__ilv
 3929:0023       i__ilv
 4F6D:000C       in__InOut
 364F:00A2       intersection__Longs
 3929:000A       ja__ilv
 3929:E33F       jc__ilv
 3929:810F       ket__ilv
 3929:000F       meanchoice__ilv
 3929:0027       n__ilv
 3929:002D       ncom__ilv
 3929:001B       ndw__ilv
 486E:0799       ndx__PulseSequence
 3929:001D       ndx__ilv
 486E:079B       ndy__PulseSequence
 3929:001F       ndy__ilv
 486E:079D       ndz__PulseSequence
 3929:0021       ndz__ilv
 486E:076D       nevo__PulseSequence
 486E:079F       nos__PulseSequence
 486E:0743       noti__PulseSequence
 3929:002B       npar__ilv
 486E:27B7       offset__PulseSequence
 3929:D337       offset__ilv
 3929:0011       offsetsdefined__ilv
 486E:07A3       offsetset__PulseSequence
 486A:0044       ok__plot386
 3897:01CC       oldNMIvector
 4F6D:002C       out__InOut
 3897:001A       overlayInitProc__RTSMain
 3897:0016       overlayList__RTSMain
 3897:001E       overlayTermProc__RTSMain
 486A:0004       p__plot386
 3929:E3BF       par__ilv
 3929:E8C7       pcom__ilv
 3897:004E       priorityMasks__RTSMain
 3897:0046       programSize
 3929:003F       pt__ilv
 3929:0017       pulseflag__ilv
 364F:0005       pushLSet__Longs
 486A:000C       q__plot386
 486E:0008       quantnum__PulseSequence
 486A:0014       r__plot386
 486E:0014       relspinamp__PulseSequence
 486E:67D7       remarks__PulseSequence
 486E:0044       resofreqs__PulseSequence
 486E:007C       resultflnm__PulseSequence
 3929:000D       rfpulsedefined__ilv
 3929:0013       rotframe__ilv
 486A:001C       s__plot386
 486A:0024       schaalx__plot386
 486A:002C       schaaly__plot386
 486E:01D9       sectdur__PulseSequence
 486E:0797       sector__PulseSequence
 486E:07A5       sectorset__PulseSequence
 486E:0719       sectype__PulseSequence
 486E:007A       sequencetype__PulseSequence
 3929:000B       spinsystemdefined__ilv
 486E:0671       statoff__PulseSequence
 3929:007F       statoff__ilv
 364F:0063       subSet__Longs
 364F:003B       superSet__Longs
 486E:07A1       systemset__PulseSequence
 4F6D:000B       termCH__InOut
 3929:0037       ti__ilv
 364F:00D4       unionCompl__Longs
 364F:008B       union__Longs
 486E:0281       x0__PulseSequence
 3929:0047       x0__ilv
 3929:00F7       x__ilv
 486E:07A7       xb__PulseSequence
 3929:B327       xb__ilv
 3929:EDCF       xicom__ilv
 486E:0329       y0__PulseSequence
 3929:004F       y0__ilv
 486E:17AF       yb__PulseSequence
 3929:C32F       yb__ilv
 486E:03D1       z0__PulseSequence
 3929:0057       z0__ilv

  Address         Publics by Value

 0000:0000  Abs  KEY__17jul86_1735_OF_Reals
 0000:0000  Abs  KEY__12aug87_1620_OF_RTSMain
 0000:0000  Abs  KEY__11jan96_1143_OF_ilv
 0000:0000  Abs  KEY__18aug87_0959_OF_InOut
 0000:0000  Abs  KEY__18aug87_0959_OF_DiskFiles
 0000:0000  Abs  KEY__18aug87_0958_OF_FileSystem
 0000:0000  Abs  KEY__11jan96_1133_OF_FOUR3
 0000:0000  Abs  KEY__11jan96_1133_OF_BinFiles
 0000:0000  Abs  KEY__11jan96_1132_OF_plot386
 0000:0000  Abs  KEY__11jan96_1134_OF_PulseSeque
 0000:0000  Abs  KEY__11jan96_1134_OF_DataFilesI
 0000:0000  Abs  KEY__11jan96_1133_OF_GradLib
 0000:0000  Abs  KEY__00xxx00_0000_OF_RTSError
 0000:0000  Abs  KEY__00xxx00_0000_OF_RTSLanguag
 0000:0000  Abs  KEY__00xxx00_0000_OF_RTSMain
 0000:0000  Abs  KEY__00xxx00_0000_OF_DebugPMD
 0000:0000  Abs  KEY__00xxx00_0000_OF_RTS87
 0000:0000  Abs  KEY__00xxx00_0000_OF_RTSCorouti
 0000:0000  Abs  KEY__10aug87_2031_OF_DOSMemory
 0000:0000  Abs  KEY__10aug87_2031_OF_DebugPMD
 0000:0000  Abs  KEY__10aug87_2031_OF_Delay
 0000:0000  Abs  KEY__00xxx00_0000_OF_RTSRealErr
 0000:0000  Abs  KEY__05feb87_1233_OF_Longs
 0000:0000  Abs  KEY__10aug87_2030_OF_ASCII
 0000:0000  Abs  KEY__10aug87_2031_OF_Terminal
 0000:0000  Abs  KEY__10aug87_2031_OF_Termbase
 0000:0000  Abs  KEY__10aug87_2031_OF_Strings
 0000:0000  Abs  KEY__10aug87_2032_OF_FloatingUt
 0000:0000  Abs  KEY__10aug87_2032_OF_Exec
 0000:0000  Abs  KEY__10aug87_2031_OF_TimeDate
 0000:0000  Abs  KEY__10aug87_2031_OF_DynMem
 0000:0000  Abs  KEY__10aug87_2031_OF_Display
 0000:0000  Abs  KEY__10aug87_2031_OF_Directorie
 0000:0000  Abs  KEY__10aug87_2031_OF_Storage
 0000:0000  Abs  KEY__10aug87_2031_OF_NumberConv
 0000:0000  Abs  KEY__10aug87_2031_OF_Keyboard
 0000:0000  Abs  KEY__11jan96_1131_OF_MatrixMath
 0000:0000  Abs  KEY__10aug87_2033_OF_Sounds
 0000:0000  Abs  KEY__10aug87_2033_OF_RealInOut
 0000:0000  Abs  KEY__11jan96_1132_OF_SpinOperat
 0000:0000  Abs  KEY__11jan96_1132_OF_PulseLib
 0000:0000  Abs  KEY__11jan96_1132_OF_CalcSpec
 0000:0000  Abs  KEY__10aug87_2032_OF_MathLib0
 0000:0000  Abs  KEY__10aug87_2032_OF_LogiFile
 0000:0000  Abs  KEY__10aug87_2032_OF_Graphics
 0000:0000  Abs  KEY__10aug87_2033_OF_RealConver
 0000:0000  Abs  KEY__10aug87_2033_OF_RTSIntPROC
 0000:0000  Abs  KEY__10aug87_2033_OF_RTSCorouti
 0000:0000       $BM__ilv
 0000:2DDD       S__Ispins__ilv
 0000:2F8D       S__NonIntIspins__ilv
 0000:3186       S__MakeBoltzmann__ilv
 0000:32E4       S__NonIntMakeBoltzmann__ilv
 0000:345A       S__MakeZeeman__ilv
 0000:35D8       S__NonIntMakeZeeman__ilv
 0000:376E       S__SpinSpinCoupling__ilv
 0000:3C54       S__NonIntSpinSpinCoupling__ilv
 0000:40E8       S__MakeGradientOperator__ilv
 0000:41C5       S__SetupSpins__ilv
 0000:421B       S__init__ilv
 0000:458A       S__DefinegradientOffset__ilv
 0000:484E       S__DefinePulseHamiltonian__ilv
 0000:4D8C       S__ReadBxByPulse__ilv
 0000:4F19       S__ReadBxBzPulse__ilv
 0000:511A       S__LiouvilleInteractive__ilv
 0000:5618       S__OutputPulse__ilv
 0000:56AD       S__Rotate3D__ilv
 0000:60BC       S__Rotate2D__ilv
 0000:6A29       S__B1Inhomogeneity__ilv
 0000:76AF       S__CalcExpVal__ilv
 0000:7768       S__WriteIDL_BW_Header__ilv
 0000:77EC       S__ExpValNDensMat__ilv
 0000:7B12       S__ExpectationValueRotation__il
 0000:8304       S__ExpectationOperator__ilv
 0000:83E2       S__MakeExpectationValueOperator
 0000:894B       S__CreateOperators__ilv
 0000:8CEB       S__CreateNormOperator__ilv
 0000:8F58       S__DecimalTo4Mal__ilv
 0000:9093       S__OperatorExpectationValues__i
 0000:938C       S__RedefinePulseHamiltonian__il
 0000:93C2       S__RedefineSpinSystem__ilv
 0000:950A       S__TotalStartUp__ilv
 0000:95C9       S__frprmn__ilv
 0000:9C50       S__linmin__ilv
 0000:9F1C       S__sign__ilv
 0000:9F96       S__brent__ilv
 0000:A931       S__dfunc__ilv
 0000:A994       S__df1dim__ilv
 0000:AB86       N__max__mnbrak__ilv
 0000:ABF5       S__mnbrak__ilv
 0000:B4C1       S__func__ilv
 0000:B5E4       S__fnc__ilv
 0000:B9DF       S__dfnc__ilv
 0000:BD07       S__Optimize__ilv
 0000:BF2A       S__StartOptimization__ilv
 0000:BFD0       S__ParArrayToSignal__ilv
 0000:C596       S__SignalToParArray__ilv
 0000:C927       S__LiouvilleNonInteractive__ilv
 0000:CCF1       S__Calculate2DPulseSequence__il
 0000:D40C       S__CalculatePulseSequence__ilv
 0000:DBCF       $BODY__ilv
 0000:DD36       StartModula
 0000:DDC3       $EM__ilv
 0DDC:0207       L__ClipDot__Graphics
 0DDC:0313       L__Dot__Graphics
 0DDC:035A       L__GetDotColor__Graphics
 0DDC:08D9       L__ClipLine__Graphics
 0DDC:0B35       L__Line__Graphics
 0DDC:0BBD       L__Circle__Graphics
 0DDC:119E       L__Arc__Graphics
 0DDC:16E7       L__Text__Graphics
 0DDC:189A       L__FloodFill__Graphics
 0DDC:1CAC       L__FillRect__Graphics
 0DDC:1D0F       L__Pattern__Graphics
 0DDC:228D       L__SavePicture__Graphics
 0DDC:22E9       L__RestorePicture__Graphics
 0DDC:231A       L__CursorShape__Graphics
 0DDC:2337       L__CursorColor__Graphics
 0DDC:234B       L__CursorWrap__Graphics
 0DDC:2372       L__CursorShow__Graphics
 0DDC:238A       L__EraseCursor__Graphics
 0DDC:24FD       L__DisplayCursor__Graphics
 0DDC:280F       L__MoveCursor__Graphics
 0DDC:285F       L__GetCursorPosition__Graphics
 0DDC:2888       L__CursorVisible__Graphics
 0DDC:2897       L__ScreenMode__Graphics
 0DDC:2A53       L__GetScreenMode__Graphics
 0DDC:2A6A       L__GetScreenExt__Graphics
 0DDC:2A8F       L__Window__Graphics
 0DDC:2B49       L__GetWindow__Graphics
 0DDC:2B7E       L__BackgroundPattern__Graphics
 0DDC:2BBC       L__ClearWindow__Graphics
 0DDC:2BF3       L__Palette__Graphics
 0DDC:2C4E       L__BackgroundColor__Graphics
 0DDC:2C90       L__ForegroundColor__Graphics
 0DDC:2CA0       L__ColorTable__Graphics
 0DDC:2F95       $INIT__Graphics
 0DDC:2FB0       $EM__Graphics
 10D7:0001       $BM__plot386
 10D7:01E9       S__minmax__plot386
 10D7:0362       S__schermterug__plot386
 10D7:0382       S__schermklaar__plot386
 10D7:05C0       S__schaalverd__plot386
 10D7:06F8       S__offset__plot386
 10D7:078C       S__curve__plot386
 10D7:09CF       S__punt__plot386
 10D7:0B0F       L__tdplot1__plot386
 10D7:0E36       L__tdplot2__plot386
 10D7:1282       L__Image__plot386
 10D7:19A6       S__Index1__plot386
 10D7:1B2B       S__Index2__plot386
 10D7:1CB0       S__Index3__plot386
 10D7:1EB2       S__DoColorImage__plot386
 10D7:203F       S__Scale__plot386
 10D7:2110       S__ColoredPixel__plot386
 10D7:2213       S__ColorTablePixel__plot386
 10D7:2232       S__SetPixel1__plot386
 10D7:2292       S__SetPixel2__plot386
 10D7:2314       S__SetPixel3__plot386
 10D7:2420       S__SetPixel4__plot386
 10D7:2480       $BODY__plot386
 10D7:2486       $INIT__plot386
 10D7:24E2       $EM__plot386
 1325:0003       $BM__PulseLib
 1325:0FE8       L__AMPulseDefinition__PulseLib
 1325:1143       L__AMHardPulseDefinition__Pulse
 1325:1481       L__FMPulseDefinition__PulseLib
 1325:164E       S__hardpulseproc__PulseLib
 1325:1766       S__ampulseproc1__PulseLib
 1325:1956       S__ampulseproc2__PulseLib
 1325:1E75       S__fmpulseproc1__PulseLib
 1325:22F2       S__fmpulseproc2__PulseLib
 1325:2760       S__fmpulseproc3__PulseLib
 1325:2CDD       S__ampulseproc3__PulseLib
 1325:2FFE       S__ampulseproc4__PulseLib
 1325:3601       S__fmpulseproc4__PulseLib
 1325:3EFE       S__fmpulseproc5__PulseLib
 1325:4196       S__fmpulseproc6__PulseLib
 1325:4425       $BODY__PulseLib
 1325:442B       $INIT__PulseLib
 1325:4469       $EM__PulseLib
 176B:000A       $BM__GradLib
 176B:020D       L__CalcGrad__GradLib
 176B:030D       S__gradproc2__GradLib
 176B:05B0       S__gradproc3__GradLib
 176B:0850       S__gradproc1__GradLib
 176B:08E4       $BODY__GradLib
 176B:08EA       $INIT__GradLib
 176B:091E       $EM__GradLib
 17FC:000F       $BM__MatrixMathLib
 17FC:02D4       L__CMatCommutator__MatrixMathLi
 17FC:0372       L__CMatAdd__MatrixMathLib
 17FC:05B7       L__CMatMultAdd__MatrixMathLib
 17FC:0849       L__CMatRMultAdd__MatrixMathLib
 17FC:0ACC       L__CMatMult__MatrixMathLib
 17FC:1108       L__CMatZero__MatrixMathLib
 17FC:1221       L__ShowCMatElements__MatrixMath
 17FC:138F       L__CopyCMatrix__MatrixMathLib
 17FC:1526       L__RMultCMat__MatrixMathLib
 17FC:16D7       L__CMultCMat__MatrixMathLib
 17FC:195E       L__ExpectationValue__MatrixMath
 17FC:1F6F       L__CalcTrace__MatrixMathLib
 17FC:2027       L__NormCMatrix__MatrixMathLib
 17FC:211A       L__DoRotation__MatrixMathLib
 17FC:2164       L__DoSpectrum__MatrixMathLib
 17FC:2F3C       S__HTRIBK__MatrixMathLib
 17FC:3833       N__pr1__TQL2__MatrixMathLib
 17FC:4287       N__pr2__TQL2__MatrixMathLib
 17FC:45A3       S__TQL2__MatrixMathLib
 17FC:49B6       N__pr1__HTRIDI__MatrixMathLib
 17FC:4B9E       N__pr3__HTRIDI__MatrixMathLib
 17FC:53BC       N__pr4__HTRIDI__MatrixMathLib
 17FC:5BAD       N__pr5__HTRIDI__MatrixMathLib
 17FC:5EE3       S__HTRIDI__MatrixMathLib
 17FC:6FA3       S__hermit__MatrixMathLib
 17FC:7097       S__Transform__MatrixMathLib
 17FC:7102       L__Adjungate__MatrixMathLib
 17FC:729C       S__sign__MatrixMathLib
 17FC:7316       S__Transpose__MatrixMathLib
 17FC:74AD       S__Epower__MatrixMathLib
 17FC:7605       L__ExpMatrix__MatrixMathLib
 17FC:77A3       S__SortSpectrum__MatrixMathLib
 17FC:7D79       $BODY__MatrixMathLib
 17FC:7D7F       $INIT__MatrixMathLib
 17FC:7DB3       $EM__MatrixMathLib
 1FD7:0004       $BM__SpinOperatorLib
 1FD7:004E       N__ketproc__MakeKets__SpinOpera
 1FD7:00F4       N__forproc__MakeKets__SpinOpera
 1FD7:0280       L__MakeKets__SpinOperatorLib
 1FD7:02C9       S__operateIplus__SpinOperatorLi
 1FD7:05BF       S__InproductIplus__SpinOperator
 1FD7:0706       L__MakeMatrixIplus__SpinOperato
 1FD7:0816       S__operateImin__SpinOperatorLib
 1FD7:0B0C       S__inproductImin__SpinOperatorL
 1FD7:0C53       L__MakeMatrixImin__SpinOperator
 1FD7:0D63       L__MakeMatrixIx__SpinOperatorLi
 1FD7:0F65       L__MakeMatrixIy__SpinOperatorLi
 1FD7:1167       L__MakeMatrixIz__SpinOperatorLi
 1FD7:11F2       L__MakeTotalIx__SpinOperatorLib
 1FD7:12A7       L__MakeTotalIy__SpinOperatorLib
 1FD7:135C       L__MakeTotalIz__SpinOperatorLib
 1FD7:1411       $BODY__SpinOperatorLib
 1FD7:1417       $INIT__SpinOperatorLib
 1FD7:1441       $EM__SpinOperatorLib
 211B:0002       $BM__BinFiles
 211B:03D0       L__BinFileActions__BinFiles
 211B:06B0       L__ReadBinFileHeader__BinFiles
 211B:0785       L__WriteBinFileHeader__BinFiles
 211B:085A       $BODY__BinFiles
 211B:0860       $INIT__BinFiles
 211B:08A8       $EM__BinFiles
 21A5:0009       $BM__FOUR3
 21A5:004B       L__four2__FOUR3
 21A5:0884       L__fft__FOUR3
 21A5:0CC8       $BODY__FOUR3
 21A5:0CCE       $INIT__FOUR3
 21A5:0CF8       $EM__FOUR3
 2274:0009       $BM__PulseSequence
 2274:1567       L__ComposePulseSequence__PulseS
 2274:16C2       S__EditPulseSequence__PulseSequ
 2274:1D58       S__Edit2DPulseSequence__PulseSe
 2274:2184       S__Define2DSeqSector__PulseSequ
 2274:2EA3       S__Make2DPulseSeqFile__PulseSeq
 2274:337B       S__Read2DPulseSeqFile__PulseSeq
 2274:3769       S__MakePulseSeqFile__PulseSeque
 2274:3DDE       S__ReadPulseSeqFile__PulseSeque
 2274:439E       S__SpinSpinCoupling__PulseSeque
 2274:4593       S__MakeZeeman__PulseSequence
 2274:4688       S__Ispins__PulseSequence
 2274:4853       S__MakeBoltzmann__PulseSequence
 2274:48E4       S__DefineSeqSector__PulseSequen
 2274:523C       S__ReadBxByPulse__PulseSequence
 2274:53EE       S__ReadBxBzPulse__PulseSequence
 2274:55DB       S__BinArrayOut__PulseSequence
 2274:581B       S__BinArrayOut2D__PulseSequence
 2274:5965       S__Initialize__PulseSequence
 2274:59B9       $BODY__PulseSequence
 2274:59BF       $INIT__PulseSequence
 2274:5A0C       $EM__PulseSequence
 2814:000D       $BM__DataFilesInOut
 2814:0213       L__RealArrayOut__DataFilesInOut
 2814:0342       L__RealArrayIn__DataFilesInOut
 2814:043F       L__Create_IDL_File__DataFilesIn
 2814:0660       S__SGFileOut__DataFilesInOut
 2814:0767       S__AsciiOut__DataFilesInOut
 2814:080C       S__SGXYFileOut__DataFilesInOut
 2814:0932       S__SGFileIn__DataFilesInOut
 2814:09CB       S__AsciiIn__DataFilesInOut
 2814:0A50       $BODY__DataFilesInOut
 2814:0A56       $INIT__DataFilesInOut
 2814:0A99       $EM__DataFilesInOut
 28BD:000A       $BM__CalcSpec
 28BD:0927       L__SeparateSpectra__CalcSpec
 28BD:124C       S__Create_PV_WAVE_File__CalcSpe
 28BD:1460       L__AverageSpectrum__CalcSpec
 28BD:1D97       L__Determine2DSpectrum__CalcSpe
 28BD:27AF       S__Calc2Dfft__CalcSpec
 28BD:3283       S__TransposeDataMatrix__CalcSpe
 28BD:34FD       S__DispTransvSign__CalcSpec
 28BD:38E4       S__DisplaySignals__CalcSpec
 28BD:44E8       $BODY__CalcSpec
 28BD:44EE       $INIT__CalcSpec
 28BD:4554       $EM__CalcSpec
 2D12:0005       $BM__RealConversions
 2D12:0057       L__StringToReal__RealConversion
 2D12:051A       N__convDigit__RealToString__Rea
 2D12:05A0       N__convertnumber__RealToString_
 2D12:061B       N__exp10__RealToString__RealCon
 2D12:0724       L__RealToString__RealConversion
 2D12:0C14       $BODY__RealConversions
 2D12:0C1B       $INIT__RealConversions
 2D12:0C3B       $EM__RealConversions
 2DD5:000C       NMIServer
 2DD5:004A       AT87Server
 2DDB:000A       $INIT__RTS87
 2DE1:0002       CaseError__RTSError
 2DE1:000C       FctRetError__RTSError
 2DE1:0016       AddrOvf__RTSError
 2DE1:0020       CardOvf__RTSError
 2DE1:002A       IntegerOvf__RTSError
 2DE1:0034       LongIntegerOvf__RTSError
 2DE1:003E       RangeError__RTSError
 2DE1:0048       DivZero__RTSError
 2DED:0009       $INIT__RTSError
 2DF0:0008       SpecialCASE__RTSLanguage
 2DF0:0055       ParCopy__RTSLanguage
 2DF0:0071       DynParCopy__RTSLanguage
 2DFB:000B       $INIT__RTSLanguage
 2DFB:000C       $BM__RTSMain
 2DFB:000D       L__InstallTermProc__RTSMain
 2DFB:0087       L__InstallInitProc__RTSMain
 2DFB:00FB       L__CallInitProc__RTSMain
 2DFB:0109       L__CallTermProc__RTSMain
 2DFB:0153       L__GetMessage__RTSMain
 2DFB:04FF       L__Execute__RTSMain
 2DFB:060A       Error__RTSMain
 2DFB:0647       StackCheck__RTSMain
 2DFB:064F       StackOvf__RTSMain
 2DFB:0656       M2Halt__RTSMain
 2DFB:065D       L__Terminate__RTSMain
 2DFB:0702       $INIT__RTSMain
 2DFB:0714       $BODY__RTSMain
 2DFB:0740       $EM__RTSMain
 2E6F:0001       RealError__RTSRealError
 2E6F:000B       $INIT__RTSRealError
 2E6F:000C       L__Length__Strings
 2E6F:0029       L__ConstAssign__Strings
 2E6F:006B       L__Assign__Strings
 2E6F:00A2       L__Insert__Strings
 2E6F:0158       L__Delete__Strings
 2E6F:0194       L__Pos__Strings
 2E6F:01F5       L__Copy__Strings
 2E6F:0267       L__Concat__Strings
 2E6F:02BE       L__CompareStr__Strings
 2E6F:030F       $INIT__Strings
 2EA0:004A       L__Create__FileSystem
 2EA0:0079       L__CreateFile__FileSystem
 2EA0:00A9       L__Close__FileSystem
 2EA0:00DE       L__Lookup__FileSystem
 2EA0:010E       L__OpenFile__FileSystem
 2EA0:013E       L__Rename__FileSystem
 2EA0:0167       L__Delete__FileSystem
 2EA0:0190       L__GetAttribute__FileSystem
 2EA0:01C5       L__SetAttribute__FileSystem
 2EA0:01F5       L__SetRead__FileSystem
 2EA0:0213       L__SetWrite__FileSystem
 2EA0:0229       L__SetModify__FileSystem
 2EA0:0247       L__SetOpen__FileSystem
 2EA0:0265       L__Doio__FileSystem
 2EA0:027B       L__SetPos__FileSystem
 2EA0:02A1       L__GetPos__FileSystem
 2EA0:02CE       L__Length__FileSystem
 2EA0:02FB       L__Reset__FileSystem
 2EA0:0361       L__Again__FileSystem
 2EA0:0384       L__ReadByte__FileSystem
 2EA0:0503       L__ReadChar__FileSystem
 2EA0:05CF       L__ReadWord__FileSystem
 2EA0:0661       L__ReadNBytes__FileSystem
 2EA0:0AC6       L__WriteByte__FileSystem
 2EA0:0B95       L__WriteChar__FileSystem
 2EA0:0BC8       L__WriteWord__FileSystem
 2EA0:0BF2       L__WriteNBytes__FileSystem
 2EA0:106C       L__CreateMedium__FileSystem
 2EA0:112B       L__RemoveMedium__FileSystem
 2EA0:14D8       L__FileNameChar__FileSystem
 2EA0:160F       $INIT__FileSystem
 2EA0:1639       $EM__FileSystem
 3003:000C       L__GetTime__TimeDate
 3003:008F       L__SetTime__TimeDate
 3003:0127       L__CompareTime__TimeDate
 3003:01A2       L__TimeToZero__TimeDate
 3003:01F1       L__TimeToString__TimeDate
 3003:02C6       $INIT__TimeDate
 3003:02E6       $EM__TimeDate
 3031:052C       L__Open__LogiFile
 3031:055B       L__Create__LogiFile
 3031:058A       L__Close__LogiFile
 3031:05A3       L__Delete__LogiFile
 3031:05BC       L__GetFileDate__LogiFile
 3031:0648       L__GetPos__LogiFile
 3031:0682       L__SetPos__LogiFile
 3031:074F       L__Reset__LogiFile
 3031:0766       L__ReadChar__LogiFile
 3031:0934       L__WriteChar__LogiFile
 3031:0A72       L__ReadNBytes__LogiFile
 3031:0B79       L__WriteNBytes__LogiFile
 3031:0C7D       L__ReadByte__LogiFile
 3031:0D5D       L__WriteByte__LogiFile
 3031:0F98       L__ModifyByte__LogiFile
 3031:10D9       L__ReadWord__LogiFile
 3031:120E       L__WriteWord__LogiFile
 3031:13FE       L__ModifyWord__LogiFile
 3031:149B       L__EndFile__LogiFile
 3031:1754       $INIT__LogiFile
 3031:1783       $EM__LogiFile
 31A9:0006       L__KeyPressed__Keyboard
 31A9:0037       L__Read__Keyboard
 31A9:0146       $INIT__Keyboard
 31A9:016B       $EM__Keyboard
 31BF:01C4       L__OpenInput__InOut
 31BF:0262       L__OpenOutput__InOut
 31BF:037E       L__CloseInput__InOut
 31BF:03A5       L__CloseOutput__InOut
 31BF:03CC       L__Read__InOut
 31BF:0421       L__ReadWrd__InOut
 31BF:0467       L__ReadString__InOut
 31BF:05A5       L__ReadInt__InOut
 31BF:0722       L__ReadCard__InOut
 31BF:07E1       L__Write__InOut
 31BF:080E       L__WriteWrd__InOut
 31BF:0838       L__WriteLn__InOut
 31BF:0860       L__WriteString__InOut
 31BF:08C8       L__WriteInt__InOut
 31BF:0961       L__WriteCard__InOut
 31BF:09D5       L__WriteOct__InOut
 31BF:0A98       L__WriteHex__InOut
 31BF:0AFE       $INIT__InOut
 31BF:0B23       $EM__InOut
 3271:0006       L__DirQuery__Directories
 3271:019D       L__Rename__Directories
 3271:0252       L__Delete__Directories
 3271:02C7       $INIT__Directories
 3271:02E2       $EM__Directories
 329F:0005       L__KeyPressed__Terminal
 329F:0011       L__Read__Terminal
 329F:008C       L__ReadString__Terminal
 329F:010D       L__ReadAgain__Terminal
 329F:011E       L__Write__Terminal
 329F:012F       L__WriteLn__Terminal
 329F:013E       L__WriteString__Terminal
 329F:01A4       $INIT__Terminal
 329F:01C9       $EM__Terminal
 32BB:000C       L__AssignRead__Termbase
 32BB:0092       L__Read__Termbase
 32BB:00E1       L__KeyPressed__Termbase
 32BB:0131       L__UnAssignRead__Termbase
 32BB:018E       L__AssignWrite__Termbase
 32BB:01FB       L__Write__Termbase
 32BB:0248       L__UnAssignWrite__Termbase
 32BB:03C5       $INIT__Termbase
 32BB:03EF       $EM__Termbase
 32FA:0002       L__Sound__Sounds
 32FA:0032       L__NoSound__Sounds
 32FA:0046       $INIT__Sounds
 32FA:0061       $EM__Sounds
 3348:000F       $INIT__DebugPMD
 3352:000A       L__Delay__Delay
 3352:021D       $INIT__Delay
 3352:023D       $EM__Delay
 3375:0017       $INIT__ASCII
 3375:0032       $EM__ASCII
 3378:0005       L__ALLOCATE__Storage
 3378:0125       L__DEALLOCATE__Storage
 3378:01C8       L__Available__Storage
 3378:026C       L__InstallHeap__Storage
 3378:02BC       L__RemoveHeap__Storage
 3378:0331       $INIT__Storage
 3378:035B       $EM__Storage
 33AD:000E       L__Write__Display
 33AD:0088       $INIT__Display
 33AD:00A8       $EM__Display
 33B7:000F       L__InitDiskSystem__DiskFiles
 33B7:03EB       L__DiskFileProc__DiskFiles
 33B7:11AA       L__DiskDirProc__DiskFiles
 33B7:17F2       $INIT__DiskFiles
 33B7:1817       $EM__DiskFiles
 3538:01C1       L__IntToString__NumberConversio
 3538:0206       L__LongIntToString__NumberConve
 3538:0261       L__CardToString__NumberConversi
 3538:0295       L__NumToString__NumberConversio
 3538:04C2       L__StringToInt__NumberConversio
 3538:052A       L__StringToCard__NumberConversi
 3538:058F       L__StringToLongInt__NumberConve
 3538:05BD       L__StringToNum__NumberConversio
 3538:0628       $INIT__NumberConversion
 3538:0643       $EM__NumberConversion
 359C:0044       L__Execute__Exec
 359C:013C       L__DosShell__Exec
 359C:0197       L__DosCommand__Exec
 359C:02D1       L__Run__Exec
 359C:0652       $INIT__Exec
 359C:0677       $EM__Exec
 3603:0008       $BM__DynMem
 3603:0008       L__InstallDynMem__DynMem
 3603:0061       L__Alloc__DynMem
 3603:010A       L__DeAlloc__DynMem
 3603:01C7       L__Avail__DynMem
 3603:020B       $INIT__DynMem
 3603:020C       $EM__DynMem
 3623:000E       L__DOSAlloc__DOSMemory
 3623:00EF       L__DOSDeAlloc__DOSMemory
 3623:01BC       L__DOSAvail__DOSMemory
 3623:01FC       L__DOSSetSize__DOSMemory
 3623:024D       L__DOSGetMaxSize__DOSMemory
 3623:02A4       $INIT__DOSMemory
 3623:02C4       $EM__DOSMemory
 364F:0005       pushLSet__Longs
 364F:0023       areSetsEQ__Longs
 364F:003B       superSet__Longs
 364F:0063       subSet__Longs
 364F:008B       union__Longs
 364F:00A2       intersection__Longs
 364F:00B9       complement__Longs
 364F:00D4       unionCompl__Longs
 364F:00EB       LMult__Longs
 364F:0192       LMultU__Longs
 364F:01FC       LDiv__Longs
 364F:02E3       $INIT__Longs
 367D:0004       NewProcess__RTSCoroutine
 367D:0004       $BM__RTSCoroutine
 367D:0141       Transfer__RTSCoroutine
 367D:0198       $EM__RTSCoroutine
 3696:0009       $INIT__RTSCoroutine
 3696:000A       $BM__RTSIntPROC
 3696:00A9       L__SetIntPROC__RTSIntPROC
 3696:00DF       L__RemoveIntPROC__RTSIntPROC
 3696:0113       L__FreeIntPROC__RTSIntPROC
 3696:014C       $INIT__RTSIntPROC
 3696:0194       $EM__RTSIntPROC
 36AF:0005       $BM__Reals
 36AF:00B6       L__PopReal__Reals
 36AF:00BE       L__PopParameter__Reals
 36AF:0182       L__PushReal__Reals
 36AF:0191       L__PushRealResult__Reals
 36AF:0191       L__RestoreRealStackWithReal__Re
 36AF:01A5       L__SaveRealStack__Reals
 36AF:01A6       L__RestoreRealStack__Reals
 36AF:01A7       L__Sub__Reals
 36AF:01AB       L__Add__Reals
 36AF:0333       L__Mult__Reals
 36AF:04B6       L__Div__Reals
 36AF:0612       L__Compare__Reals
 36AF:0685       L__CompareZero__Reals
 36AF:06AC       L__Abs__Reals
 36AF:06B7       L__Neg__Reals
 36AF:06C2       L__PushInteger__Reals
 36AF:06F7       L__PopInteger__Reals
 36AF:072F       L__PushCardinal__Reals
 36AF:075D       L__PopCardinal__Reals
 36AF:0799       $INIT__Reals
 36AF:07A9       $EM__Reals
 3729:0016       L__ReadReal__RealInOut
 3729:0077       L__WriteReal__RealInOut
 3729:01B0       L__WriteRealOct__RealInOut
 3729:022D       $INIT__RealInOut
 3729:0261       $EM__RealInOut
 374F:0002       $BM__MathLib0
 374F:0358       flpt_Square_Fix
 374F:0456       flst_Push
 374F:0470       flst_Pop
 374F:0483       flst_Duplicate_TOS
 374F:049E       flst_Swap_TOS
 374F:04DD       flpt_Fraction_Multiply
 374F:05D9       flpt_Polynomial
 374F:06B8       flpt_Remainder
 374F:0839       L__sqrt__MathLib0
 374F:09D6       L__exp__MathLib0
 374F:0AA7       L__ln__MathLib0
 374F:0B45       Log
 374F:0C9F       L__sin__MathLib0
 374F:0CA8       L__cos__MathLib0
 374F:0CB1       L__arctan__MathLib0
 374F:0EDF       L__real__MathLib0
 374F:0EFC       L__entier__MathLib0
 374F:0FD4       $INIT__MathLib0
 374F:0FE4       $EM__MathLib0
 384D:0036       L__Frac__FloatingUtilities
 384D:0079       L__Int__FloatingUtilities
 384D:0167       L__Round__FloatingUtilities
 384D:01E4       L__Float__FloatingUtilities
 384D:0253       L__Trunc__FloatingUtilities
 384D:02B4       $INIT__FloatingUtilities
 384D:02D4       $EM__FloatingUtilities
 387A:0006       $DD
 387A:0006       $OK__11jan96_1143_OF_ilv
 387A:0006       $MN__ilv
 387A:0094       $OK__01mar90_1622_OF_Graphics
 387A:009A       $OK__11jan96_1132_OF_plot386
 387A:00A0       $OK__11jan96_1132_OF_PulseLib
 387A:00A6       $OK__11jan96_1133_OF_GradLib
 387A:00AC       $OK__11jan96_1131_OF_MatrixMath
 387A:00B2       $OK__11jan96_1132_OF_SpinOperat
 387A:00B8       $OK__11jan96_1133_OF_BinFiles
 387A:00BE       $OK__11jan96_1133_OF_FOUR3
 387A:00C4       $OK__11jan96_1134_OF_PulseSeque
 387A:00CA       $OK__11jan96_1134_OF_DataFilesI
 387A:00D0       $OK__11jan96_1144_OF_CalcSpec
 387A:00D6       $OK__15oct90_2155_OF_RealConver
 387A:00DC       $OK__10jul87_1403_OF_RTS87
 387A:00E2       $OK__10jul87_1400_OF_RTSError
 387A:00E8       $OK__10jul87_1401_OF_RTSLanguag
 387A:00EE       $OK__19aug87_1403_OF_RTSMain
 387A:00F4       $OK__10jul87_1400_OF_RTSRealErr
 387A:00FA       $OK__31jul87_1000_OF_Strings
 387A:0100       $OK__01mar90_1621_OF_FileSystem
 387A:0106       $OK__01mar90_1621_OF_TimeDate
 387A:010C       $OK__01mar90_1621_OF_LogiFile
 387A:0112       $OK__01mar90_1621_OF_Keyboard
 387A:0118       $OK__01mar90_1621_OF_InOut
 387A:011E       $OK__01mar90_1621_OF_Directorie
 387A:0124       $OK__01mar90_1621_OF_Terminal
 387A:012A       $OK__01mar90_1621_OF_Termbase
 387A:0130       $OK__01mar90_1622_OF_Sounds
 387A:0136       $OK__16jun87_2059_OF_DebugPMD
 387A:013C       $OK__01mar90_1621_OF_Delay
 387A:0142       $OK__01mar90_1621_OF_ASCII
 387A:0148       $OK__01mar90_1621_OF_Storage
 387A:014E       $OK__01mar90_1621_OF_Display
 387A:0154       $OK__01mar90_1621_OF_DiskFiles
 387A:015A       $OK__01mar90_1621_OF_NumberConv
 387A:0160       $OK__01mar90_1622_OF_Exec
 387A:0166       $OK__16jun87_1952_OF_DynMem
 387A:016C       $OK__01mar90_1621_OF_DOSMemory
 387A:0172       $OK__05feb87_1233_OF_Longs
 387A:0178       $OK__15jun87_0924_OF_RTSCorouti
 387A:017E       $OK__15jun87_0924_OF_RTSIntPROC
 387A:0184       $OK__01mar90_1626_OF_RealInOut
 387A:018A       $OK__01mar90_1626_OF_FloatingUt
 3897:000C       errorCode__RTSMain
 3897:000C       $BD__RTSMain
 3897:000E       PSPAddress__RTSMain
 3897:0012       blockList__RTSMain
 3897:0016       overlayList__RTSMain
 3897:001A       overlayInitProc__RTSMain
 3897:001E       overlayTermProc__RTSMain
 3897:0022       curProcess__RTSMain
 3897:0026       activProcess__RTSMain
 3897:002A       debuggerRecord__RTSMain
 3897:003C       deviceMask__RTSMain
 3897:003E       dyingOverlay__RTSMain
 3897:0046       programSize
 3897:004E       priorityMasks__RTSMain
 3897:0056       DescInt0__RTSMain
 3897:0126       freeList__RTSMain
 3897:01CC       oldNMIvector
 3897:01DB       $ED__RTSMain
 391F:0004       addProcess__RTSCoroutine
 391F:0004       $BD__RTSCoroutine
 391F:0007       $ED__RTSCoroutine
 3929:000A       $BD__ilv
 3929:000A       ja__ilv
 3929:000B       spinsystemdefined__ilv
 3929:000D       rfpulsedefined__ilv
 3929:000F       meanchoice__ilv
 3929:0011       offsetsdefined__ilv
 3929:0013       rotframe__ilv
 3929:0015       batch__ilv
 3929:0017       pulseflag__ilv
 3929:0019       ap__ilv
 3929:001B       ndw__ilv
 3929:001D       ndx__ilv
 3929:001F       ndy__ilv
 3929:0021       ndz__ilv
 3929:0023       i__ilv
 3929:0025       Nspins__ilv
 3929:0027       n__ilv
 3929:0029       calc__ilv
 3929:002B       npar__ilv
 3929:002D       ncom__ilv
 3929:002F       h__ilv
 3929:0037       ti__ilv
 3929:003F       pt__ilv
 3929:0047       x0__ilv
 3929:004F       y0__ilv
 3929:0057       z0__ilv
 3929:005F       dx__ilv
 3929:0067       dy__ilv
 3929:006F       dz__ilv
 3929:0077       gs__ilv
 3929:007F       statoff__ilv
 3929:0087       cn__ilv
 3929:0097       cn1__ilv
 3929:00A7       cn2__ilv
 3929:00B7       cn3__ilv
 3929:00C7       cn4__ilv
 3929:00D7       cn5__ilv
 3929:00E7       Eval__ilv
 3929:00F7       x__ilv
 3929:0107       densmat__ilv
 3929:1107       Izee__ilv
 3929:2107       Izgrad__ilv
 3929:3107       Ixtot__ilv
 3929:4107       Iytot__ilv
 3929:5107       Iztot__ilv
 3929:6107       Icoup__ilv
 3929:7107       Istat__ilv
 3929:8107       Ilist__ilv
 3929:810F       ket__ilv
 3929:830F       gx__ilv
 3929:9317       gy__ilv
 3929:A31F       gz__ilv
 3929:B327       xb__ilv
 3929:C32F       yb__ilv
 3929:D337       offset__ilv
 3929:E33F       jc__ilv
 3929:E3BF       par__ilv
 3929:E8C7       pcom__ilv
 3929:EDCF       xicom__ilv
 3929:F2D7       $ED__ilv
 486A:0004       p__plot386
 486A:0004       $BD__plot386
 486A:000C       q__plot386
 486A:0014       r__plot386
 486A:001C       s__plot386
 486A:0024       schaalx__plot386
 486A:002C       schaaly__plot386
 486A:0034       bereikx__plot386
 486A:003C       bereiky__plot386
 486A:0044       ok__plot386
 486A:0045       $ED__plot386
 486E:0006       $BD__PulseLib
 486E:0006       choice__PulseLib
 486E:0008       quantnum__PulseSequence
 486E:0008       $BD__BinFiles
 486E:0008       $ED__SpinOperatorLib
 486E:0008       $ED__BinFiles
 486E:0008       $BD__SpinOperatorLib
 486E:0008       $BD__MatrixMathLib
 486E:0008       $BD__GradLib
 486E:0008       $BD__PulseSequence
 486E:0008       $BD__FOUR3
 486E:0008       $ED__MatrixMathLib
 486E:0008       $ED__GradLib
 486E:0008       $ED__FOUR3
 486E:0008       $ED__PulseLib
 486E:0014       relspinamp__PulseSequence
 486E:0044       resofreqs__PulseSequence
 486E:0074       Nspins__PulseSequence
 486E:0076       Jexact__PulseSequence
 486E:0078       Jcount__PulseSequence
 486E:007A       sequencetype__PulseSequence
 486E:007C       resultflnm__PulseSequence
 486E:0089       fnames__PulseSequence
 486E:0131       couplings__PulseSequence
 486E:01D9       sectdur__PulseSequence
 486E:0281       x0__PulseSequence
 486E:0329       y0__PulseSequence
 486E:03D1       z0__PulseSequence
 486E:0479       dx__PulseSequence
 486E:0521       dy__PulseSequence
 486E:05C9       dz__PulseSequence
 486E:0671       statoff__PulseSequence
 486E:0719       sectype__PulseSequence
 486E:0743       noti__PulseSequence
 486E:076D       nevo__PulseSequence
 486E:0797       sector__PulseSequence
 486E:0799       ndx__PulseSequence
 486E:079B       ndy__PulseSequence
 486E:079D       ndz__PulseSequence
 486E:079F       nos__PulseSequence
 486E:07A1       systemset__PulseSequence
 486E:07A3       offsetset__PulseSequence
 486E:07A5       sectorset__PulseSequence
 486E:07A7       xb__PulseSequence
 486E:17AF       yb__PulseSequence
 486E:27B7       offset__PulseSequence
 486E:37BF       gx__PulseSequence
 486E:47C7       gy__PulseSequence
 486E:57CF       gz__PulseSequence
 486E:67D7       remarks__PulseSequence
 486E:69A5       $ED__PulseSequence
 4F08:0006       $BD__CalcSpec
 4F08:0006       $BD__RealConversions
 4F08:0006       $BD__DataFilesInOut
 4F08:0006       $ED__DataFilesInOut
 4F08:0006       $ED__CalcSpec
 4F08:0006       $ED__RealConversions
 4F6D:000A       Done__InOut
 4F6D:000B       termCH__InOut
 4F6D:000C       in__InOut
 4F6D:002C       out__InOut
 51DE:0004       Done__RealInOut

Program entry point at 2DFB:03D5
